// Jest Snapshot v1, https://goo.gl/fbAQLP

exports[`<BoxModel /> Render must match regular() 1`] = `
<div>
  <div
    class="box-model"
  >
    <h1>
      Box Model
    </h1>
    <div
      class="box"
    />
    <span
      id="outer-box"
    />
    <span
      class="label"
      id="outer"
    >
      Outer Box
    </span>
    <span
      class="label"
      id="margin"
    >
      Margin
       
    </span>
    <span
      class="label white"
      id="border"
    >
      Border
       
    </span>
    <span
      class="label"
      id="padding"
    >
      Padding
       
    </span>
    <span
      class="label"
      id="inner"
    >
      Inner Box
    </span>
    <span
      class="label"
      id="content"
    >
      <br />
      <br />
      ↑ 
      <br />
       Top
      <br />
       ← Left      Right →
      <br />
       Bottom 
      <br />
       ↓
       
    </span>
  </div>
</div>
`;
