// Jest Snapshot v1, https://goo.gl/fbAQLP

exports[`<FloatedBox /> Render must match regular() 1`] = `
<div>
  <div
    class="floated-box"
  >
    <h1>
      Floated Box
    </h1>
    <div
      class="container"
    >
      <div
        class="default"
      >
        BEFORE
      </div>
      <div
        class="box small"
      >
        FLOAT BEFORE
      </div>
      <div
        class="box"
      >
        ↑ 
        <br />
         Top 
        <br />
         ← Left       Right → 
        <br />
         Bottom 
        <br />
         ↓
         
      </div>
      <div
        class="box small"
      >
        FLOAT AFTER
      </div>
      <div
        class="default"
      >
        AFTER
      </div>
    </div>
  </div>
</div>
`;
